(:model
  (:vars
    (mu_tls (real 2))
    (Sigma_tls (real 2 2))
    (nu (real 3))
    (tls (real nresp 2))
    (tau (real nresp))
    (scale (real nresp))
    (v (integer nresp nvars))
    (c (real nresp (- nlevels 1)))
    (x (real nresp nvars))
    (segment (integer nresp))
    (mu_y_form (real))
    (sigma_y_form (real))
    (lambda_y_form (real))
    (beta (real (- nvars 1)))
    (mu_x_form (real (- nvars 1)))
    (Sigma_x_form (real (- nvars 1) (- nvars 1)))
    (Lambda_x_form (real (- nvars 1) (- nvars 1)))
    (ksi (real nresp))
    (mu_x_halo (real nvars))
    (gamma (real nvars))
    (sigma_x_halo (real nvars))
    (lambda_x_halo (real nvars))
    (mu_x_garb (real nvars))
    (sigma_x_garb (real nvars))
    (lambda_x_garb (real nvars))
    (p_segment (real 3))
  )
)
