(:model
(:args
(nresp integernn)
(mu_nu (real 3))
)
(:reqs
)
(:vars
)
(:body
)
)
