(:model
(:args
(nresp integernn)
)
(:reqs
)
(:vars
)
(:body
)
)
